// Jest Snapshot v1, https://goo.gl/fbAQLP

exports[`Cafe routes renders the home snapshot 1`] = `
<DocumentFragment>
  <div
    class="App container-fluid"
  >
    <div>
      <nav
        class="navbar navbar-expand-md"
      >
        <a
          aria-current="page"
          class="navbar-brand active"
          href="/"
        >
          This is the cafe name
        </a>
        <ul
          class="ml-auto navbar-nav"
        >
          <li
            class="nav-item"
          >
            <a
              href="/snacks"
            >
              Snacks
            </a>
          </li>
          <li
            class="nav-item"
          >
            <a
              href="/drinks"
            >
              Drinks
            </a>
          </li>
          <li
            class="nav-item"
          >
            <a
              href="/add"
            >
              Add to Menu!
            </a>
          </li>
        </ul>
      </nav>
    </div>
    <main>
      <section
        class="col-md-8"
      >
        <div
          class="card"
        >
          <div
            class="text-center card-body"
          >
            <div
              class="card-title"
            >
              <h3
                class="font-weight-bold"
              >
                Welcome to your favorite dive cafe!
              </h3>
              <h5>
                Home of 2 drink and 2 snack options.
              </h5>
            </div>
          </div>
        </div>
      </section>
    </main>
  </div>
</DocumentFragment>
`;
